lfs    0,  0(11) -> 3FF0024680000000
lfs    0,  8(11) -> C3DE024680000000
lfs    0, -4(11) -> 42CF135780000000
lfsu   0,  0(11) -> 3FF0024680000000 [0000000000000000]
lfsu   0,  8(11) -> C3DE024680000000 [0000000000000008]
lfsu   0, -4(11) -> 42CF135780000000 [FFFFFFFFFFFFFFFC]
lfsx   0, 11, 12 -> 3FF0024680000000
lfsx   0, 11, 12 -> C3DE024680000000
lfsx   0, 11, 12 -> 42CF135780000000
lfsx   0, 11, 12 -> 3FF0024680000000
lfsux  0, 11, 12 -> 3FF0024680000000 [0000000000000000]
lfsux  0, 11, 12 -> C3DE024680000000 [0000000000000000]
lfsux  0, 11, 12 -> 42CF135780000000 [0000000000000000]
lfsux  0, 11, 12 -> 3FF0024680000000 [0000000000000000]
lfd    0,  0(11) -> 3F80123456789ABC
lfd    0,  4(11) -> 56789ABCDEF01234
lfd    0, -4(11) -> 3F80123456789ABC
lfdu   0,  0(11) -> 3F80123456789ABC [0000000000000000]
lfdu   0,  4(11) -> 56789ABCDEF01234 [0000000000000004]
lfdu   0, -4(11) -> 3F80123456789ABC [FFFFFFFFFFFFFFFC]
lfdx   0, 11, 12 -> 3F80123456789ABC
lfdx   0, 11, 12 -> 56789ABCDEF01234
lfdx   0, 11, 12 -> 56789ABCDEF01234
lfdx   0, 11, 12 -> 3F80123456789ABC
lfdux  0, 11, 12 -> 3F80123456789ABC [0000000000000000]
lfdux  0, 11, 12 -> 56789ABCDEF01234 [0000000000000000]
lfdux  0, 11, 12 -> 56789ABCDEF01234 [0000000000000000]
lfdux  0, 11, 12 -> 3F80123456789ABC [0000000000000000]
