frsp   ([00]) -> 0000000000000000 [00002000 : 00000000]
frsp   ([01]) -> 8000000000000000 [00012000 : 00000000]
frsp   ([02]) -> 3FF0000000000000 [00004000 : 00000000]
frsp   ([03]) -> BFF0000000000000 [00008000 : 00000000]
frsp   ([04]) -> 3FF8000000000000 [00004000 : 00000000]
frsp   ([05]) -> BFF8000000000000 [00008000 : 00000000]
frsp   ([06]) -> 3FF99999A0000000 [82064000 : 00000000]
frsp   ([07]) -> BFF99999A0000000 [82068000 : 00000000]
frsp   ([08]) -> 3FF6666660000000 [82024000 : 00000000]
frsp   ([09]) -> BFF6666660000000 [82028000 : 00000000]
frsp   ([10]) -> 4000000000000000 [00004000 : 00000000]
frsp   ([11]) -> 7FF8000000000000 [00011000 : 00000000]
frsp   ([12]) -> C16312D000000000 [82028000 : 00000000]
frsp   ([13]) -> 417312D000000000 [00004000 : 00000000]
frsp   ([14]) -> C0D3882000000000 [00008000 : 00000000]
frsp   ([15]) -> 40D3882660000000 [82024000 : 00000000]
frsp   ([16]) -> 0000000000000000 [8A022000 : 00000000]
frsp   ([17]) -> 7FF0000000000000 [92065000 : 00000000]
frsp   ([18]) -> 7FF0000000000000 [00005000 : 00000000]
frsp   ([19]) -> FFF0000000000000 [00009000 : 00000000]
frsp.  ([00]) -> 0000000000000000 [00002000 : 00000000]
frsp.  ([01]) -> 8000000000000000 [00012000 : 00000000]
frsp.  ([02]) -> 3FF0000000000000 [00004000 : 00000000]
frsp.  ([03]) -> BFF0000000000000 [00008000 : 00000000]
frsp.  ([04]) -> 3FF8000000000000 [00004000 : 00000000]
frsp.  ([05]) -> BFF8000000000000 [00008000 : 00000000]
frsp.  ([06]) -> 3FF99999A0000000 [82064000 : 08000000]
frsp.  ([07]) -> BFF99999A0000000 [82068000 : 08000000]
frsp.  ([08]) -> 3FF6666660000000 [82024000 : 08000000]
frsp.  ([09]) -> BFF6666660000000 [82028000 : 08000000]
frsp.  ([10]) -> 4000000000000000 [00004000 : 00000000]
frsp.  ([11]) -> 7FF8000000000000 [00011000 : 00000000]
frsp.  ([12]) -> C16312D000000000 [82028000 : 08000000]
frsp.  ([13]) -> 417312D000000000 [00004000 : 00000000]
frsp.  ([14]) -> C0D3882000000000 [00008000 : 00000000]
frsp.  ([15]) -> 40D3882660000000 [82024000 : 08000000]
frsp.  ([16]) -> 0000000000000000 [8A022000 : 08000000]
frsp.  ([17]) -> 7FF0000000000000 [92065000 : 09000000]
frsp.  ([18]) -> 7FF0000000000000 [00005000 : 00000000]
frsp.  ([19]) -> FFF0000000000000 [00009000 : 00000000]
frsp   ([00]) -> 0000000000050DB4 [00002000 : 00000000]
frsp   ([01]) -> 8000000000050DB4 [00012000 : 00000000]
frsp   ([02]) -> 3F80000000050DB4 [00004000 : 00000000]
frsp   ([03]) -> BF80000000050DB4 [00008000 : 00000000]
frsp   ([04]) -> 3FC0000000050DB4 [00004000 : 00000000]
frsp   ([05]) -> BFC0000000050DB4 [00008000 : 00000000]
frsp   ([06]) -> 3FCCCCCD00050DB4 [00004000 : 00000000]
frsp   ([07]) -> BFCCCCCD00050DB4 [00008000 : 00000000]
frsp   ([08]) -> 3FB3333300050DB4 [00004000 : 00000000]
frsp   ([09]) -> BFB3333300050DB4 [00008000 : 00000000]
frsp   ([10]) -> 4000000000050DB4 [00004000 : 00000000]
frsp   ([11]) -> 7FC0000000050DB4 [00011000 : 00000000]
frsp   ([12]) -> CB18968000050DB4 [00008000 : 00000000]
frsp   ([13]) -> 4B98968000050DB4 [00004000 : 00000000]
frsp   ([14]) -> C69C410000050DB4 [00008000 : 00000000]
frsp   ([15]) -> 469C413300050DB4 [00004000 : 00000000]
frsp   ([16]) -> 0080000000050DB4 [00004000 : 00000000]
frsp   ([17]) -> 7F7FFFFF00050DB4 [00004000 : 00000000]
frsp   ([18]) -> 7F80000000050DB4 [00005000 : 00000000]
frsp   ([19]) -> FF80000000050DB4 [00009000 : 00000000]
frsp.  ([00]) -> 0000000000000000 [00002000 : 00000000]
frsp.  ([01]) -> 8000000000000000 [00012000 : 00000000]
frsp.  ([02]) -> 3F80000000000000 [00004000 : 00000000]
frsp.  ([03]) -> BF80000000000000 [00008000 : 00000000]
frsp.  ([04]) -> 3FC0000000000000 [00004000 : 00000000]
frsp.  ([05]) -> BFC0000000000000 [00008000 : 00000000]
frsp.  ([06]) -> 3FCCCCCD00000000 [00004000 : 00000000]
frsp.  ([07]) -> BFCCCCCD00000000 [00008000 : 00000000]
frsp.  ([08]) -> 3FB3333300000000 [00004000 : 00000000]
frsp.  ([09]) -> BFB3333300000000 [00008000 : 00000000]
frsp.  ([10]) -> 4000000000000000 [00004000 : 00000000]
frsp.  ([11]) -> 7FC0000000000000 [00011000 : 00000000]
frsp.  ([12]) -> CB18968000000000 [00008000 : 00000000]
frsp.  ([13]) -> 4B98968000000000 [00004000 : 00000000]
frsp.  ([14]) -> C69C410000000000 [00008000 : 00000000]
frsp.  ([15]) -> 469C413300000000 [00004000 : 00000000]
frsp.  ([16]) -> 0080000000000000 [00004000 : 00000000]
frsp.  ([17]) -> 7F7FFFFF00000000 [00004000 : 00000000]
frsp.  ([18]) -> 7F80000000000000 [00005000 : 00000000]
frsp.  ([19]) -> FF80000000000000 [00009000 : 00000000]
fcfid  ([00]) -> 0000000000000000 [00002000 : 00000000]
fcfid  ([01]) -> C3E0000000000000 [00008000 : 00000000]
fcfid  ([02]) -> 43CFF80000000000 [00004000 : 00000000]
fcfid  ([03]) -> C3D0040000000000 [00008000 : 00000000]
fcfid  ([04]) -> 43CFFC0000000000 [00004000 : 00000000]
fcfid  ([05]) -> C3D0020000000000 [00008000 : 00000000]
fcfid  ([06]) -> 43CFFCCCCCCCCCCD [82064000 : 00000000]
fcfid  ([07]) -> C3D001999999999A [82068000 : 00000000]
fcfid  ([08]) -> 43CFFB3333333333 [82024000 : 00000000]
fcfid  ([09]) -> C3D0026666666666 [82028000 : 00000000]
fcfid  ([10]) -> 43D0000000000000 [00004000 : 00000000]
fcfid  ([11]) -> 43DFFE0000000000 [00004000 : 00000000]
fcfid  ([12]) -> C3CF4E7697F9999A [82068000 : 00000000]
fcfid  ([13]) -> 43D05CC4B4000000 [00004000 : 00000000]
fcfid  ([14]) -> C3CF963BF0000000 [00008000 : 00000000]
fcfid  ([15]) -> 43D034E20999999A [82064000 : 00000000]
fcfid  ([16]) -> 4330000000000000 [00004000 : 00000000]
fcfid  ([17]) -> 43DFFC0000000000 [82064000 : 00000000]
fcfid  ([18]) -> 43DFFC0000000000 [00004000 : 00000000]
fcfid  ([19]) -> C330000000000000 [00008000 : 00000000]
fcfid. ([00]) -> 0000000000000000 [00002000 : 00000000]
fcfid. ([01]) -> C3E0000000000000 [00008000 : 00000000]
fcfid. ([02]) -> 43CFF80000000000 [00004000 : 00000000]
fcfid. ([03]) -> C3D0040000000000 [00008000 : 00000000]
fcfid. ([04]) -> 43CFFC0000000000 [00004000 : 00000000]
fcfid. ([05]) -> C3D0020000000000 [00008000 : 00000000]
fcfid. ([06]) -> 43CFFCCCCCCCCCCD [82064000 : 08000000]
fcfid. ([07]) -> C3D001999999999A [82068000 : 08000000]
fcfid. ([08]) -> 43CFFB3333333333 [82024000 : 08000000]
fcfid. ([09]) -> C3D0026666666666 [82028000 : 08000000]
fcfid. ([10]) -> 43D0000000000000 [00004000 : 00000000]
fcfid. ([11]) -> 43DFFE0000000000 [00004000 : 00000000]
fcfid. ([12]) -> C3CF4E7697F9999A [82068000 : 08000000]
fcfid. ([13]) -> 43D05CC4B4000000 [00004000 : 00000000]
fcfid. ([14]) -> C3CF963BF0000000 [00008000 : 00000000]
fcfid. ([15]) -> 43D034E20999999A [82064000 : 08000000]
fcfid. ([16]) -> 4330000000000000 [00004000 : 00000000]
fcfid. ([17]) -> 43DFFC0000000000 [82064000 : 08000000]
fcfid. ([18]) -> 43DFFC0000000000 [00004000 : 00000000]
fcfid. ([19]) -> C330000000000000 [00008000 : 00000000]
fcfid  ([00]) -> 00000000D0010F70 [00002000 : 00000000]
fcfid  ([01]) -> DF000000D0010F70 [00008000 : 00000000]
fcfid  ([02]) -> 5E7FC000D0010F70 [00004000 : 00000000]
fcfid  ([03]) -> DE802000D0010F70 [00008000 : 00000000]
fcfid  ([04]) -> 5E7FE000D0010F70 [00004000 : 00000000]
fcfid  ([05]) -> DE801000D0010F70 [00008000 : 00000000]
fcfid  ([06]) -> 5E7FE666D0010F70 [00004000 : 00000000]
fcfid  ([07]) -> DE800CCCD0010F70 [00008000 : 00000000]
fcfid  ([08]) -> 5E7FD999D0010F70 [00004000 : 00000000]
fcfid  ([09]) -> DE801333D0010F70 [00008000 : 00000000]
fcfid  ([10]) -> 5E800000D0010F70 [00004000 : 00000000]
fcfid  ([11]) -> 5EFFF000D0010F70 [00004000 : 00000000]
fcfid  ([12]) -> DE7A73B4D0010F70 [00008000 : 00000000]
fcfid  ([13]) -> 5E82E625D0010F70 [00004000 : 00000000]
fcfid  ([14]) -> DE7CB1DFD0010F70 [00008000 : 00000000]
fcfid  ([15]) -> 5E81A710D0010F70 [00004000 : 00000000]
fcfid  ([16]) -> 5E604000D0010F70 [00004000 : 00000000]
fcfid  ([17]) -> 5E8FDFFFD0010F70 [00004000 : 00000000]
fcfid  ([18]) -> 5EFFE000D0010F70 [00004000 : 00000000]
fcfid  ([19]) -> D9800000D0010F70 [00008000 : 00000000]
fcfid. ([00]) -> 0000000000000000 [00002000 : 00000000]
fcfid. ([01]) -> DF00000000000000 [00008000 : 00000000]
fcfid. ([02]) -> 5E7FC00000000000 [00004000 : 00000000]
fcfid. ([03]) -> DE80200000000000 [00008000 : 00000000]
fcfid. ([04]) -> 5E7FE00000000000 [00004000 : 00000000]
fcfid. ([05]) -> DE80100000000000 [00008000 : 00000000]
fcfid. ([06]) -> 5E7FE66600000000 [00004000 : 00000000]
fcfid. ([07]) -> DE800CCC00000000 [00008000 : 00000000]
fcfid. ([08]) -> 5E7FD99900000000 [00004000 : 00000000]
fcfid. ([09]) -> DE80133300000000 [00008000 : 00000000]
fcfid. ([10]) -> 5E80000000000000 [00004000 : 00000000]
fcfid. ([11]) -> 5EFFF00000000000 [00004000 : 00000000]
fcfid. ([12]) -> DE7A73B400000000 [00008000 : 00000000]
fcfid. ([13]) -> 5E82E62500000000 [00004000 : 00000000]
fcfid. ([14]) -> DE7CB1DF00000000 [00008000 : 00000000]
fcfid. ([15]) -> 5E81A71000000000 [00004000 : 00000000]
fcfid. ([16]) -> 5E60400000000000 [00004000 : 00000000]
fcfid. ([17]) -> 5E8FDFFF00000000 [00004000 : 00000000]
fcfid. ([18]) -> 5EFFE00000000000 [00004000 : 00000000]
fcfid. ([19]) -> D980000000000000 [00008000 : 00000000]
fctid  ([00]) -> 0000000000000000 [00000000 : 00000000]
fctid  ([01]) -> 0000000000000000 [00000000 : 00000000]
fctid  ([02]) -> 0000000000000001 [00000000 : 00000000]
fctid  ([03]) -> FFFFFFFFFFFFFFFF [00000000 : 00000000]
fctid  ([04]) -> 0000000000000002 [82060000 : 00000000]
fctid  ([05]) -> FFFFFFFFFFFFFFFE [82060000 : 00000000]
fctid  ([06]) -> 0000000000000002 [82060000 : 00000000]
fctid  ([07]) -> FFFFFFFFFFFFFFFE [82060000 : 00000000]
fctid  ([08]) -> 0000000000000001 [82020000 : 00000000]
fctid  ([09]) -> FFFFFFFFFFFFFFFF [82020000 : 00000000]
fctid  ([10]) -> 0000000000000002 [00000000 : 00000000]
fctid  ([11]) -> 8000000000000000 [A0000100 : 00000000]
fctid  ([12]) -> FFFFFFFFFF676980 [82020000 : 00000000]
fctid  ([13]) -> 0000000001312D00 [00000000 : 00000000]
fctid  ([14]) -> FFFFFFFFFFFFB1E0 [82020000 : 00000000]
fctid  ([15]) -> 0000000000004E21 [82060000 : 00000000]
fctid  ([16]) -> 0000000000000000 [82020000 : 00000000]
fctid  ([17]) -> 7FFFFFFFFFFFFFFF [A0000100 : 00000000]
fctid  ([18]) -> 7FFFFFFFFFFFFFFF [A0000100 : 00000000]
fctid  ([19]) -> 8000000000000000 [A0000100 : 00000000]
fctid. ([00]) -> 0000000000000000 [00000000 : 00000000]
fctid. ([01]) -> 0000000000000000 [00000000 : 00000000]
fctid. ([02]) -> 0000000000000001 [00000000 : 00000000]
fctid. ([03]) -> FFFFFFFFFFFFFFFF [00000000 : 00000000]
fctid. ([04]) -> 0000000000000002 [82060000 : 08000000]
fctid. ([05]) -> FFFFFFFFFFFFFFFE [82060000 : 08000000]
fctid. ([06]) -> 0000000000000002 [82060000 : 08000000]
fctid. ([07]) -> FFFFFFFFFFFFFFFE [82060000 : 08000000]
fctid. ([08]) -> 0000000000000001 [82020000 : 08000000]
fctid. ([09]) -> FFFFFFFFFFFFFFFF [82020000 : 08000000]
fctid. ([10]) -> 0000000000000002 [00000000 : 00000000]
fctid. ([11]) -> 8000000000000000 [A0000100 : 0A000000]
fctid. ([12]) -> FFFFFFFFFF676980 [82020000 : 08000000]
fctid. ([13]) -> 0000000001312D00 [00000000 : 00000000]
fctid. ([14]) -> FFFFFFFFFFFFB1E0 [82020000 : 08000000]
fctid. ([15]) -> 0000000000004E21 [82060000 : 08000000]
fctid. ([16]) -> 0000000000000000 [82020000 : 08000000]
fctid. ([17]) -> 7FFFFFFFFFFFFFFF [A0000100 : 0A000000]
fctid. ([18]) -> 7FFFFFFFFFFFFFFF [A0000100 : 0A000000]
fctid. ([19]) -> 8000000000000000 [A0000100 : 0A000000]
fctid  ([00]) -> 00000000D0010C80 [00000000 : 00000000]
fctid  ([01]) -> 00000000D0010C80 [00000000 : 00000000]
fctid  ([02]) -> 00000000D0010C80 [00000000 : 00000000]
fctid  ([03]) -> FFFFFFFFD0010C80 [00000000 : 00000000]
fctid  ([04]) -> 00000000D0010C80 [82060000 : 00000000]
fctid  ([05]) -> FFFFFFFFD0010C80 [82060000 : 00000000]
fctid  ([06]) -> 00000000D0010C80 [82060000 : 00000000]
fctid  ([07]) -> FFFFFFFFD0010C80 [82060000 : 00000000]
fctid  ([08]) -> 00000000D0010C80 [82020000 : 00000000]
fctid  ([09]) -> FFFFFFFFD0010C80 [82020000 : 00000000]
fctid  ([10]) -> 00000000D0010C80 [00000000 : 00000000]
fctid  ([11]) -> 80000000D0010C80 [A0000100 : 00000000]
fctid  ([12]) -> FFFFFFFFD0010C80 [00000000 : 00000000]
fctid  ([13]) -> 00000000D0010C80 [00000000 : 00000000]
fctid  ([14]) -> FFFFFFFFD0010C80 [82020000 : 00000000]
fctid  ([15]) -> 00000000D0010C80 [82060000 : 00000000]
fctid  ([16]) -> 00000000D0010C80 [82020000 : 00000000]
fctid  ([17]) -> 7FFFFFFFD0010C80 [A0000100 : 00000000]
fctid  ([18]) -> 7FFFFFFFD0010C80 [A0000100 : 00000000]
fctid  ([19]) -> 80000000D0010C80 [A0000100 : 00000000]
fctid. ([00]) -> 0000000000000000 [00000000 : 00000000]
fctid. ([01]) -> 0000000000000000 [00000000 : 00000000]
fctid. ([02]) -> 0000000000000000 [00000000 : 00000000]
fctid. ([03]) -> FFFFFFFF00000000 [00000000 : 00000000]
fctid. ([04]) -> 0000000000000000 [82060000 : 08000000]
fctid. ([05]) -> FFFFFFFF00000000 [82060000 : 08000000]
fctid. ([06]) -> 0000000000000000 [82060000 : 08000000]
fctid. ([07]) -> FFFFFFFF00000000 [82060000 : 08000000]
fctid. ([08]) -> 0000000000000000 [82020000 : 08000000]
fctid. ([09]) -> FFFFFFFF00000000 [82020000 : 08000000]
fctid. ([10]) -> 0000000000000000 [00000000 : 00000000]
fctid. ([11]) -> 8000000000000000 [A0000100 : 0A000000]
fctid. ([12]) -> FFFFFFFF00000000 [00000000 : 00000000]
fctid. ([13]) -> 0000000000000000 [00000000 : 00000000]
fctid. ([14]) -> FFFFFFFF00000000 [82020000 : 08000000]
fctid. ([15]) -> 0000000000000000 [82060000 : 08000000]
fctid. ([16]) -> 0000000000000000 [82020000 : 08000000]
fctid. ([17]) -> 7FFFFFFF00000000 [A0000100 : 0A000000]
fctid. ([18]) -> 7FFFFFFF00000000 [A0000100 : 0A000000]
fctid. ([19]) -> 8000000000000000 [A0000100 : 0A000000]
fctidz ([00]) -> 0000000000000000 [00000000 : 00000000]
fctidz ([01]) -> 0000000000000000 [00000000 : 00000000]
fctidz ([02]) -> 0000000000000001 [00000000 : 00000000]
fctidz ([03]) -> FFFFFFFFFFFFFFFF [00000000 : 00000000]
fctidz ([04]) -> 0000000000000001 [82020000 : 00000000]
fctidz ([05]) -> FFFFFFFFFFFFFFFF [82020000 : 00000000]
fctidz ([06]) -> 0000000000000001 [82020000 : 00000000]
fctidz ([07]) -> FFFFFFFFFFFFFFFF [82020000 : 00000000]
fctidz ([08]) -> 0000000000000001 [82020000 : 00000000]
fctidz ([09]) -> FFFFFFFFFFFFFFFF [82020000 : 00000000]
fctidz ([10]) -> 0000000000000002 [00000000 : 00000000]
fctidz ([11]) -> 8000000000000000 [A0000100 : 00000000]
fctidz ([12]) -> FFFFFFFFFF676980 [82020000 : 00000000]
fctidz ([13]) -> 0000000001312D00 [00000000 : 00000000]
fctidz ([14]) -> FFFFFFFFFFFFB1E0 [82020000 : 00000000]
fctidz ([15]) -> 0000000000004E20 [82020000 : 00000000]
fctidz ([16]) -> 0000000000000000 [82020000 : 00000000]
fctidz ([17]) -> 7FFFFFFFFFFFFFFF [A0000100 : 00000000]
fctidz ([18]) -> 7FFFFFFFFFFFFFFF [A0000100 : 00000000]
fctidz ([19]) -> 8000000000000000 [A0000100 : 00000000]
fctidz.([00]) -> 0000000000000000 [00000000 : 00000000]
fctidz.([01]) -> 0000000000000000 [00000000 : 00000000]
fctidz.([02]) -> 0000000000000001 [00000000 : 00000000]
fctidz.([03]) -> FFFFFFFFFFFFFFFF [00000000 : 00000000]
fctidz.([04]) -> 0000000000000001 [82020000 : 08000000]
fctidz.([05]) -> FFFFFFFFFFFFFFFF [82020000 : 08000000]
fctidz.([06]) -> 0000000000000001 [82020000 : 08000000]
fctidz.([07]) -> FFFFFFFFFFFFFFFF [82020000 : 08000000]
fctidz.([08]) -> 0000000000000001 [82020000 : 08000000]
fctidz.([09]) -> FFFFFFFFFFFFFFFF [82020000 : 08000000]
fctidz.([10]) -> 0000000000000002 [00000000 : 00000000]
fctidz.([11]) -> 8000000000000000 [A0000100 : 0A000000]
fctidz.([12]) -> FFFFFFFFFF676980 [82020000 : 08000000]
fctidz.([13]) -> 0000000001312D00 [00000000 : 00000000]
fctidz.([14]) -> FFFFFFFFFFFFB1E0 [82020000 : 08000000]
fctidz.([15]) -> 0000000000004E20 [82020000 : 08000000]
fctidz.([16]) -> 0000000000000000 [82020000 : 08000000]
fctidz.([17]) -> 7FFFFFFFFFFFFFFF [A0000100 : 0A000000]
fctidz.([18]) -> 7FFFFFFFFFFFFFFF [A0000100 : 0A000000]
fctidz.([19]) -> 8000000000000000 [A0000100 : 0A000000]
fctidz ([00]) -> 0000000000000000 [00000000 : 00000000]
fctidz ([01]) -> 0000000000000000 [00000000 : 00000000]
fctidz ([02]) -> 0000000000000000 [00000000 : 00000000]
fctidz ([03]) -> FFFFFFFF00000000 [00000000 : 00000000]
fctidz ([04]) -> 0000000000000000 [82020000 : 00000000]
fctidz ([05]) -> FFFFFFFF00000000 [82020000 : 00000000]
fctidz ([06]) -> 0000000000000000 [82020000 : 00000000]
fctidz ([07]) -> FFFFFFFF00000000 [82020000 : 00000000]
fctidz ([08]) -> 0000000000000000 [82020000 : 00000000]
fctidz ([09]) -> FFFFFFFF00000000 [82020000 : 00000000]
fctidz ([10]) -> 0000000000000000 [00000000 : 00000000]
fctidz ([11]) -> 8000000000000000 [A0000100 : 00000000]
fctidz ([12]) -> FFFFFFFF00000000 [00000000 : 00000000]
fctidz ([13]) -> 0000000000000000 [00000000 : 00000000]
fctidz ([14]) -> FFFFFFFF00000000 [82020000 : 00000000]
fctidz ([15]) -> 0000000000000000 [82020000 : 00000000]
fctidz ([16]) -> 0000000000000000 [82020000 : 00000000]
fctidz ([17]) -> 7FFFFFFF00000000 [A0000100 : 00000000]
fctidz ([18]) -> 7FFFFFFF00000000 [A0000100 : 00000000]
fctidz ([19]) -> 8000000000000000 [A0000100 : 00000000]
fctidz.([00]) -> 0000000000000000 [00000000 : 00000000]
fctidz.([01]) -> 0000000000000000 [00000000 : 00000000]
fctidz.([02]) -> 0000000000000000 [00000000 : 00000000]
fctidz.([03]) -> FFFFFFFF00000000 [00000000 : 00000000]
fctidz.([04]) -> 0000000000000000 [82020000 : 08000000]
fctidz.([05]) -> FFFFFFFF00000000 [82020000 : 08000000]
fctidz.([06]) -> 0000000000000000 [82020000 : 08000000]
fctidz.([07]) -> FFFFFFFF00000000 [82020000 : 08000000]
fctidz.([08]) -> 0000000000000000 [82020000 : 08000000]
fctidz.([09]) -> FFFFFFFF00000000 [82020000 : 08000000]
fctidz.([10]) -> 0000000000000000 [00000000 : 00000000]
fctidz.([11]) -> 8000000000000000 [A0000100 : 0A000000]
fctidz.([12]) -> FFFFFFFF00000000 [00000000 : 00000000]
fctidz.([13]) -> 0000000000000000 [00000000 : 00000000]
fctidz.([14]) -> FFFFFFFF00000000 [82020000 : 08000000]
fctidz.([15]) -> 0000000000000000 [82020000 : 08000000]
fctidz.([16]) -> 0000000000000000 [82020000 : 08000000]
fctidz.([17]) -> 7FFFFFFF00000000 [A0000100 : 0A000000]
fctidz.([18]) -> 7FFFFFFF00000000 [A0000100 : 0A000000]
fctidz.([19]) -> 8000000000000000 [A0000100 : 0A000000]
fctiw  ([00]) -> 0000000000000000 [00000000 : 00000000]
fctiw  ([01]) -> 0000000000000000 [00000000 : 00000000]
fctiw  ([02]) -> 0000000000000001 [00000000 : 00000000]
fctiw  ([03]) -> FFFFFFFFFFFFFFFF [00000000 : 00000000]
fctiw  ([04]) -> 0000000000000002 [82060000 : 00000000]
fctiw  ([05]) -> FFFFFFFFFFFFFFFE [82060000 : 00000000]
fctiw  ([06]) -> 0000000000000002 [82060000 : 00000000]
fctiw  ([07]) -> FFFFFFFFFFFFFFFE [82060000 : 00000000]
fctiw  ([08]) -> 0000000000000001 [82020000 : 00000000]
fctiw  ([09]) -> FFFFFFFFFFFFFFFF [82020000 : 00000000]
fctiw  ([10]) -> 0000000000000002 [00000000 : 00000000]
fctiw  ([11]) -> FFFFFFFF80000000 [A0000100 : 00000000]
fctiw  ([12]) -> FFFFFFFFFF676980 [82020000 : 00000000]
fctiw  ([13]) -> 0000000001312D00 [00000000 : 00000000]
fctiw  ([14]) -> FFFFFFFFFFFFB1E0 [82020000 : 00000000]
fctiw  ([15]) -> 0000000000004E21 [82060000 : 00000000]
fctiw  ([16]) -> 0000000000000000 [82020000 : 00000000]
fctiw  ([17]) -> 000000007FFFFFFF [A0000100 : 00000000]
fctiw  ([18]) -> 000000007FFFFFFF [A0000100 : 00000000]
fctiw  ([19]) -> FFFFFFFF80000000 [A0000100 : 00000000]
fctiw. ([00]) -> 0000000000000000 [00000000 : 00000000]
fctiw. ([01]) -> 0000000000000000 [00000000 : 00000000]
fctiw. ([02]) -> 0000000000000001 [00000000 : 00000000]
fctiw. ([03]) -> FFFFFFFFFFFFFFFF [00000000 : 00000000]
fctiw. ([04]) -> 0000000000000002 [82060000 : 08000000]
fctiw. ([05]) -> FFFFFFFFFFFFFFFE [82060000 : 08000000]
fctiw. ([06]) -> 0000000000000002 [82060000 : 08000000]
fctiw. ([07]) -> FFFFFFFFFFFFFFFE [82060000 : 08000000]
fctiw. ([08]) -> 0000000000000001 [82020000 : 08000000]
fctiw. ([09]) -> FFFFFFFFFFFFFFFF [82020000 : 08000000]
fctiw. ([10]) -> 0000000000000002 [00000000 : 00000000]
fctiw. ([11]) -> FFFFFFFF80000000 [A0000100 : 0A000000]
fctiw. ([12]) -> FFFFFFFFFF676980 [82020000 : 08000000]
fctiw. ([13]) -> 0000000001312D00 [00000000 : 00000000]
fctiw. ([14]) -> FFFFFFFFFFFFB1E0 [82020000 : 08000000]
fctiw. ([15]) -> 0000000000004E21 [82060000 : 08000000]
fctiw. ([16]) -> 0000000000000000 [82020000 : 08000000]
fctiw. ([17]) -> 000000007FFFFFFF [A0000100 : 0A000000]
fctiw. ([18]) -> 000000007FFFFFFF [A0000100 : 0A000000]
fctiw. ([19]) -> FFFFFFFF80000000 [A0000100 : 0A000000]
fctiw  ([00]) -> 0000000000000000 [00000000 : 00000000]
fctiw  ([01]) -> 0000000000000000 [00000000 : 00000000]
fctiw  ([02]) -> 0000000000000000 [00000000 : 00000000]
fctiw  ([03]) -> FFFFFFFF00000000 [00000000 : 00000000]
fctiw  ([04]) -> 0000000000000000 [82060000 : 00000000]
fctiw  ([05]) -> FFFFFFFF00000000 [82060000 : 00000000]
fctiw  ([06]) -> 0000000000000000 [82060000 : 00000000]
fctiw  ([07]) -> FFFFFFFF00000000 [82060000 : 00000000]
fctiw  ([08]) -> 0000000000000000 [82020000 : 00000000]
fctiw  ([09]) -> FFFFFFFF00000000 [82020000 : 00000000]
fctiw  ([10]) -> 0000000000000000 [00000000 : 00000000]
fctiw  ([11]) -> FFFFFFFC00000000 [A0000100 : 00000000]
fctiw  ([12]) -> FFFFFFFF00000000 [00000000 : 00000000]
fctiw  ([13]) -> 0000000000000000 [00000000 : 00000000]
fctiw  ([14]) -> FFFFFFFF00000000 [82020000 : 00000000]
fctiw  ([15]) -> 0000000000000000 [82060000 : 00000000]
fctiw  ([16]) -> 0000000000000000 [82020000 : 00000000]
fctiw  ([17]) -> 0000000000000000 [A0000100 : 00000000]
fctiw  ([18]) -> 0000000000000000 [A0000100 : 00000000]
fctiw  ([19]) -> FFFFFFFC00000000 [A0000100 : 00000000]
fctiw. ([00]) -> 0000000000000000 [00000000 : 00000000]
fctiw. ([01]) -> 0000000000000000 [00000000 : 00000000]
fctiw. ([02]) -> 0000000000000000 [00000000 : 00000000]
fctiw. ([03]) -> FFFFFFFF00000000 [00000000 : 00000000]
fctiw. ([04]) -> 0000000000000000 [82060000 : 08000000]
fctiw. ([05]) -> FFFFFFFF00000000 [82060000 : 08000000]
fctiw. ([06]) -> 0000000000000000 [82060000 : 08000000]
fctiw. ([07]) -> FFFFFFFF00000000 [82060000 : 08000000]
fctiw. ([08]) -> 0000000000000000 [82020000 : 08000000]
fctiw. ([09]) -> FFFFFFFF00000000 [82020000 : 08000000]
fctiw. ([10]) -> 0000000000000000 [00000000 : 00000000]
fctiw. ([11]) -> FFFFFFFC00000000 [A0000100 : 0A000000]
fctiw. ([12]) -> FFFFFFFF00000000 [00000000 : 00000000]
fctiw. ([13]) -> 0000000000000000 [00000000 : 00000000]
fctiw. ([14]) -> FFFFFFFF00000000 [82020000 : 08000000]
fctiw. ([15]) -> 0000000000000000 [82060000 : 08000000]
fctiw. ([16]) -> 0000000000000000 [82020000 : 08000000]
fctiw. ([17]) -> 0000000000000000 [A0000100 : 0A000000]
fctiw. ([18]) -> 0000000000000000 [A0000100 : 0A000000]
fctiw. ([19]) -> FFFFFFFC00000000 [A0000100 : 0A000000]
fctiwz ([00]) -> 0000000000000000 [00000000 : 00000000]
fctiwz ([01]) -> 0000000000000000 [00000000 : 00000000]
fctiwz ([02]) -> 0000000000000001 [00000000 : 00000000]
fctiwz ([03]) -> FFFFFFFFFFFFFFFF [00000000 : 00000000]
fctiwz ([04]) -> 0000000000000001 [82020000 : 00000000]
fctiwz ([05]) -> FFFFFFFFFFFFFFFF [82020000 : 00000000]
fctiwz ([06]) -> 0000000000000001 [82020000 : 00000000]
fctiwz ([07]) -> FFFFFFFFFFFFFFFF [82020000 : 00000000]
fctiwz ([08]) -> 0000000000000001 [82020000 : 00000000]
fctiwz ([09]) -> FFFFFFFFFFFFFFFF [82020000 : 00000000]
fctiwz ([10]) -> 0000000000000002 [00000000 : 00000000]
fctiwz ([11]) -> FFFFFFFF80000000 [A0000100 : 00000000]
fctiwz ([12]) -> FFFFFFFFFF676980 [82020000 : 00000000]
fctiwz ([13]) -> 0000000001312D00 [00000000 : 00000000]
fctiwz ([14]) -> FFFFFFFFFFFFB1E0 [82020000 : 00000000]
fctiwz ([15]) -> 0000000000004E20 [82020000 : 00000000]
fctiwz ([16]) -> 0000000000000000 [82020000 : 00000000]
fctiwz ([17]) -> 000000007FFFFFFF [A0000100 : 00000000]
fctiwz ([18]) -> 000000007FFFFFFF [A0000100 : 00000000]
fctiwz ([19]) -> FFFFFFFF80000000 [A0000100 : 00000000]
fctiwz.([00]) -> 0000000000000000 [00000000 : 00000000]
fctiwz.([01]) -> 0000000000000000 [00000000 : 00000000]
fctiwz.([02]) -> 0000000000000001 [00000000 : 00000000]
fctiwz.([03]) -> FFFFFFFFFFFFFFFF [00000000 : 00000000]
fctiwz.([04]) -> 0000000000000001 [82020000 : 08000000]
fctiwz.([05]) -> FFFFFFFFFFFFFFFF [82020000 : 08000000]
fctiwz.([06]) -> 0000000000000001 [82020000 : 08000000]
fctiwz.([07]) -> FFFFFFFFFFFFFFFF [82020000 : 08000000]
fctiwz.([08]) -> 0000000000000001 [82020000 : 08000000]
fctiwz.([09]) -> FFFFFFFFFFFFFFFF [82020000 : 08000000]
fctiwz.([10]) -> 0000000000000002 [00000000 : 00000000]
fctiwz.([11]) -> FFFFFFFF80000000 [A0000100 : 0A000000]
fctiwz.([12]) -> FFFFFFFFFF676980 [82020000 : 08000000]
fctiwz.([13]) -> 0000000001312D00 [00000000 : 00000000]
fctiwz.([14]) -> FFFFFFFFFFFFB1E0 [82020000 : 08000000]
fctiwz.([15]) -> 0000000000004E20 [82020000 : 08000000]
fctiwz.([16]) -> 0000000000000000 [82020000 : 08000000]
fctiwz.([17]) -> 000000007FFFFFFF [A0000100 : 0A000000]
fctiwz.([18]) -> 000000007FFFFFFF [A0000100 : 0A000000]
fctiwz.([19]) -> FFFFFFFF80000000 [A0000100 : 0A000000]
fctiwz ([00]) -> 00000000D0010F60 [00000000 : 00000000]
fctiwz ([01]) -> 00000000D0010F60 [00000000 : 00000000]
fctiwz ([02]) -> 00000000D0010F60 [00000000 : 00000000]
fctiwz ([03]) -> FFFFFFFFD0010F60 [00000000 : 00000000]
fctiwz ([04]) -> 00000000D0010F60 [82020000 : 00000000]
fctiwz ([05]) -> FFFFFFFFD0010F60 [82020000 : 00000000]
fctiwz ([06]) -> 00000000D0010F60 [82020000 : 00000000]
fctiwz ([07]) -> FFFFFFFFD0010F60 [82020000 : 00000000]
fctiwz ([08]) -> 00000000D0010F60 [82020000 : 00000000]
fctiwz ([09]) -> FFFFFFFFD0010F60 [82020000 : 00000000]
fctiwz ([10]) -> 00000000D0010F60 [00000000 : 00000000]
fctiwz ([11]) -> FFFFFFFCD0010F60 [A0000100 : 00000000]
fctiwz ([12]) -> FFFFFFFFD0010F60 [00000000 : 00000000]
fctiwz ([13]) -> 00000000D0010F60 [00000000 : 00000000]
fctiwz ([14]) -> FFFFFFFFD0010F60 [82020000 : 00000000]
fctiwz ([15]) -> 00000000D0010F60 [82020000 : 00000000]
fctiwz ([16]) -> 00000000D0010F60 [82020000 : 00000000]
fctiwz ([17]) -> 00000000D0010F60 [A0000100 : 00000000]
fctiwz ([18]) -> 00000000D0010F60 [A0000100 : 00000000]
fctiwz ([19]) -> FFFFFFFCD0010F60 [A0000100 : 00000000]
fctiwz.([00]) -> 0000000000000000 [00000000 : 00000000]
fctiwz.([01]) -> 0000000000000000 [00000000 : 00000000]
fctiwz.([02]) -> 0000000000000000 [00000000 : 00000000]
fctiwz.([03]) -> FFFFFFFF00000000 [00000000 : 00000000]
fctiwz.([04]) -> 0000000000000000 [82020000 : 08000000]
fctiwz.([05]) -> FFFFFFFF00000000 [82020000 : 08000000]
fctiwz.([06]) -> 0000000000000000 [82020000 : 08000000]
fctiwz.([07]) -> FFFFFFFF00000000 [82020000 : 08000000]
fctiwz.([08]) -> 0000000000000000 [82020000 : 08000000]
fctiwz.([09]) -> FFFFFFFF00000000 [82020000 : 08000000]
fctiwz.([10]) -> 0000000000000000 [00000000 : 00000000]
fctiwz.([11]) -> FFFFFFFC00000000 [A0000100 : 0A000000]
fctiwz.([12]) -> FFFFFFFF00000000 [00000000 : 00000000]
fctiwz.([13]) -> 0000000000000000 [00000000 : 00000000]
fctiwz.([14]) -> FFFFFFFF00000000 [82020000 : 08000000]
fctiwz.([15]) -> 0000000000000000 [82020000 : 08000000]
fctiwz.([16]) -> 0000000000000000 [82020000 : 08000000]
fctiwz.([17]) -> 0000000000000000 [A0000100 : 0A000000]
fctiwz.([18]) -> 0000000000000000 [A0000100 : 0A000000]
fctiwz.([19]) -> FFFFFFFC00000000 [A0000100 : 0A000000]
