SCE_DRIVER_QUEUE [0xE940]:
Flip Status [DRIVER_INFO @ 0x10C0]: 0x40000001
Flip Status [DRIVER_INFO @ 0x10C0]: 0x40000002
Flip Status [DRIVER_INFO @ 0x10C0]: 0x40000004
Flip Status [DRIVER_INFO @ 0x10C0]: 0x40000008
Flip Status [DRIVER_INFO @ 0x10C0]: 0x40000010
Flip Status [DRIVER_INFO @ 0x10C0]: 0x40000020
Flip Status [DRIVER_INFO @ 0x10C0]: 0x40000040
Flip Status [DRIVER_INFO @ 0x10C0]: 0x40000080
Flip Status [DRIVER_INFO @ 0x10C0]: 0x40000100
Flip Status [DRIVER_INFO @ 0x10C0]: 0x40000200
Flip Status [DRIVER_INFO @ 0x10C0]: 0x40000400
Flip Status [DRIVER_INFO @ 0x10C0]: 0x40000800
Flip Status [DRIVER_INFO @ 0x10C0]: 0x40001000
Flip Status [DRIVER_INFO @ 0x10C0]: 0x40002000
Flip Status [DRIVER_INFO @ 0x10C0]: 0x40004000
Flip Status [DRIVER_INFO @ 0x10C0]: 0x40008000
Flip Status [DRIVER_INFO @ 0x10C0]: 0x40010000
Flip Status [DRIVER_INFO @ 0x10C0]: 0x40020000
Flip Status [DRIVER_INFO @ 0x10C0]: 0x40040000
Flip Status [DRIVER_INFO @ 0x10C0]: 0x40080000
Flip Status [DRIVER_INFO @ 0x10C0]: 0x40100000
Flip Status [DRIVER_INFO @ 0x10C0]: 0x40200000
Flip Status [DRIVER_INFO @ 0x10C0]: 0x40400000
Flip Status [DRIVER_INFO @ 0x10C0]: 0x40800000
Flip Status [DRIVER_INFO @ 0x10C0]: 0x41000000
Flip Status [DRIVER_INFO @ 0x10C0]: 0x42000000
Flip Status [DRIVER_INFO @ 0x10C0]: 0x44000000
Flip Status [DRIVER_INFO @ 0x10C0]: 0x48000000
Flip Status [DRIVER_INFO @ 0x10C0]: 0x50000000
Flip Status [DRIVER_INFO @ 0x10C0]: 0x60000000
Flip Status [DRIVER_INFO @ 0x10C0]: 0x40000000
Flip Status [DRIVER_INFO @ 0x10C0]: 0xC0000000
Flip Status [DRIVER_INFO @ 0x10C0]: 0x40000001
Flip Status [DRIVER_INFO @ 0x10C0]: 0x40000003
Flip Status [DRIVER_INFO @ 0x10C0]: 0x40000007
Flip Status [DRIVER_INFO @ 0x10C0]: 0x4000000F
Flip Status [DRIVER_INFO @ 0x10C0]: 0x4000001F
Flip Status [DRIVER_INFO @ 0x10C0]: 0x4000003F
Flip Status [DRIVER_INFO @ 0x10C0]: 0x4000007F
Flip Status [DRIVER_INFO @ 0x10C0]: 0x400000FF
Flip Status [DRIVER_INFO @ 0x10C0]: 0x400001FF
Flip Status [DRIVER_INFO @ 0x10C0]: 0x400003FF
Flip Status [DRIVER_INFO @ 0x10C0]: 0x400007FF
Flip Status [DRIVER_INFO @ 0x10C0]: 0x40000FFF
Flip Status [DRIVER_INFO @ 0x10C0]: 0x40001FFF
Flip Status [DRIVER_INFO @ 0x10C0]: 0x40003FFF
Flip Status [DRIVER_INFO @ 0x10C0]: 0x40007FFF
Flip Status [DRIVER_INFO @ 0x10C0]: 0x4000FFFF
Flip Status [DRIVER_INFO @ 0x10C0]: 0x4001FFFF
Flip Status [DRIVER_INFO @ 0x10C0]: 0x4003FFFF
Flip Status [DRIVER_INFO @ 0x10C0]: 0x4007FFFF
Flip Status [DRIVER_INFO @ 0x10C0]: 0x400FFFFF
Flip Status [DRIVER_INFO @ 0x10C0]: 0x401FFFFF
Flip Status [DRIVER_INFO @ 0x10C0]: 0x403FFFFF
Flip Status [DRIVER_INFO @ 0x10C0]: 0x407FFFFF
Flip Status [DRIVER_INFO @ 0x10C0]: 0x40FFFFFF
Flip Status [DRIVER_INFO @ 0x10C0]: 0x41FFFFFF
Flip Status [DRIVER_INFO @ 0x10C0]: 0x43FFFFFF
Flip Status [DRIVER_INFO @ 0x10C0]: 0x47FFFFFF
Flip Status [DRIVER_INFO @ 0x10C0]: 0x4FFFFFFF
Flip Status [DRIVER_INFO @ 0x10C0]: 0x5FFFFFFF
Flip Status [DRIVER_INFO @ 0x10C0]: 0x7FFFFFFF
Flip Status [DRIVER_INFO @ 0x10C0]: 0x7FFFFFFF
Flip Status [DRIVER_INFO @ 0x10C0]: 0xFFFFFFFF
Flip Status [DRIVER_INFO @ 0x10BC]: 0x00000000
Flip Status [DRIVER_INFO @ 0x10C0]: 0x40000000
Flip Status [DRIVER_INFO @ 0x10C4]: 0x00000000
SCE_DRIVER_QUEUE [0xE944]:
Flip Status [DRIVER_INFO @ 0x1100]: 0x40000001
Flip Status [DRIVER_INFO @ 0x1100]: 0x40000002
Flip Status [DRIVER_INFO @ 0x1100]: 0x40000004
Flip Status [DRIVER_INFO @ 0x1100]: 0x40000008
Flip Status [DRIVER_INFO @ 0x1100]: 0x40000010
Flip Status [DRIVER_INFO @ 0x1100]: 0x40000020
Flip Status [DRIVER_INFO @ 0x1100]: 0x40000040
Flip Status [DRIVER_INFO @ 0x1100]: 0x40000080
Flip Status [DRIVER_INFO @ 0x1100]: 0x00000100
Flip Status [DRIVER_INFO @ 0x1100]: 0x40000200
Flip Status [DRIVER_INFO @ 0x1100]: 0x40000400
Flip Status [DRIVER_INFO @ 0x1100]: 0x40000800
Flip Status [DRIVER_INFO @ 0x1100]: 0x40001000
Flip Status [DRIVER_INFO @ 0x1100]: 0x40002000
Flip Status [DRIVER_INFO @ 0x1100]: 0x40004000
Flip Status [DRIVER_INFO @ 0x1100]: 0x40008000
Flip Status [DRIVER_INFO @ 0x1100]: 0x40010000
Flip Status [DRIVER_INFO @ 0x1100]: 0x40020000
Flip Status [DRIVER_INFO @ 0x1100]: 0x40040000
Flip Status [DRIVER_INFO @ 0x1100]: 0x40080000
Flip Status [DRIVER_INFO @ 0x1100]: 0x40100000
Flip Status [DRIVER_INFO @ 0x1100]: 0x40200000
Flip Status [DRIVER_INFO @ 0x1100]: 0x40400000
Flip Status [DRIVER_INFO @ 0x1100]: 0x40800000
Flip Status [DRIVER_INFO @ 0x1100]: 0x01000000
Flip Status [DRIVER_INFO @ 0x1100]: 0x42000000
Flip Status [DRIVER_INFO @ 0x1100]: 0x44000000
Flip Status [DRIVER_INFO @ 0x1100]: 0x48000000
Flip Status [DRIVER_INFO @ 0x1100]: 0x50000000
Flip Status [DRIVER_INFO @ 0x1100]: 0x60000000
Flip Status [DRIVER_INFO @ 0x1100]: 0x40000000
Flip Status [DRIVER_INFO @ 0x1100]: 0xC0000000
Flip Status [DRIVER_INFO @ 0x1100]: 0x40000001
Flip Status [DRIVER_INFO @ 0x1100]: 0x40000003
Flip Status [DRIVER_INFO @ 0x1100]: 0x40000007
Flip Status [DRIVER_INFO @ 0x1100]: 0x4000000F
Flip Status [DRIVER_INFO @ 0x1100]: 0x4000001F
Flip Status [DRIVER_INFO @ 0x1100]: 0x4000003F
Flip Status [DRIVER_INFO @ 0x1100]: 0x4000007F
Flip Status [DRIVER_INFO @ 0x1100]: 0x400000FF
Flip Status [DRIVER_INFO @ 0x1100]: 0x400001FF
Flip Status [DRIVER_INFO @ 0x1100]: 0x000003FF
Flip Status [DRIVER_INFO @ 0x1100]: 0x400007FF
Flip Status [DRIVER_INFO @ 0x1100]: 0x40000FFF
Flip Status [DRIVER_INFO @ 0x1100]: 0x40001FFF
Flip Status [DRIVER_INFO @ 0x1100]: 0x40003FFF
Flip Status [DRIVER_INFO @ 0x1100]: 0x40007FFF
Flip Status [DRIVER_INFO @ 0x1100]: 0x4000FFFF
Flip Status [DRIVER_INFO @ 0x1100]: 0x4001FFFF
Flip Status [DRIVER_INFO @ 0x1100]: 0x4003FFFF
Flip Status [DRIVER_INFO @ 0x1100]: 0x4007FFFF
Flip Status [DRIVER_INFO @ 0x1100]: 0x400FFFFF
Flip Status [DRIVER_INFO @ 0x1100]: 0x401FFFFF
Flip Status [DRIVER_INFO @ 0x1100]: 0x403FFFFF
Flip Status [DRIVER_INFO @ 0x1100]: 0x407FFFFF
Flip Status [DRIVER_INFO @ 0x1100]: 0x40FFFFFF
Flip Status [DRIVER_INFO @ 0x1100]: 0x41FFFFFF
Flip Status [DRIVER_INFO @ 0x1100]: 0x03FFFFFF
Flip Status [DRIVER_INFO @ 0x1100]: 0x47FFFFFF
Flip Status [DRIVER_INFO @ 0x1100]: 0x4FFFFFFF
Flip Status [DRIVER_INFO @ 0x1100]: 0x5FFFFFFF
Flip Status [DRIVER_INFO @ 0x1100]: 0x7FFFFFFF
Flip Status [DRIVER_INFO @ 0x1100]: 0x7FFFFFFF
Flip Status [DRIVER_INFO @ 0x1100]: 0xFFFFFFFF
Flip Status [DRIVER_INFO @ 0x10FC]: 0x00000000
Flip Status [DRIVER_INFO @ 0x1100]: 0x40000000
Flip Status [DRIVER_INFO @ 0x1104]: 0x00000000
SCE_DRIVER_QUEUE [0xE948]:
Flip Status [DRIVER_INFO @ 0x1140]: 0x40000001
Flip Status [DRIVER_INFO @ 0x1140]: 0x40000002
Flip Status [DRIVER_INFO @ 0x1140]: 0x40000004
Flip Status [DRIVER_INFO @ 0x1140]: 0x40000008
Flip Status [DRIVER_INFO @ 0x1140]: 0x40000010
Flip Status [DRIVER_INFO @ 0x1140]: 0x40000020
Flip Status [DRIVER_INFO @ 0x1140]: 0x40000040
Flip Status [DRIVER_INFO @ 0x1140]: 0x40000080
Flip Status [DRIVER_INFO @ 0x1140]: 0x40000100
Flip Status [DRIVER_INFO @ 0x1140]: 0x40000200
Flip Status [DRIVER_INFO @ 0x1140]: 0x40000400
Flip Status [DRIVER_INFO @ 0x1140]: 0x40000800
Flip Status [DRIVER_INFO @ 0x1140]: 0x40001000
Flip Status [DRIVER_INFO @ 0x1140]: 0x40002000
Flip Status [DRIVER_INFO @ 0x1140]: 0x40004000
Flip Status [DRIVER_INFO @ 0x1140]: 0x40008000
Flip Status [DRIVER_INFO @ 0x1140]: 0x40010000
Flip Status [DRIVER_INFO @ 0x1140]: 0x40020000
Flip Status [DRIVER_INFO @ 0x1140]: 0x40040000
Flip Status [DRIVER_INFO @ 0x1140]: 0x40080000
Flip Status [DRIVER_INFO @ 0x1140]: 0x40100000
Flip Status [DRIVER_INFO @ 0x1140]: 0x40200000
Flip Status [DRIVER_INFO @ 0x1140]: 0x40400000
Flip Status [DRIVER_INFO @ 0x1140]: 0x40800000
Flip Status [DRIVER_INFO @ 0x1140]: 0x41000000
Flip Status [DRIVER_INFO @ 0x1140]: 0x42000000
Flip Status [DRIVER_INFO @ 0x1140]: 0x44000000
Flip Status [DRIVER_INFO @ 0x1140]: 0x48000000
Flip Status [DRIVER_INFO @ 0x1140]: 0x50000000
Flip Status [DRIVER_INFO @ 0x1140]: 0x60000000
Flip Status [DRIVER_INFO @ 0x1140]: 0x40000000
Flip Status [DRIVER_INFO @ 0x1140]: 0xC0000000
Flip Status [DRIVER_INFO @ 0x1140]: 0x40000001
Flip Status [DRIVER_INFO @ 0x1140]: 0x40000003
Flip Status [DRIVER_INFO @ 0x1140]: 0x40000007
Flip Status [DRIVER_INFO @ 0x1140]: 0x4000000F
Flip Status [DRIVER_INFO @ 0x1140]: 0x4000001F
Flip Status [DRIVER_INFO @ 0x1140]: 0x4000003F
Flip Status [DRIVER_INFO @ 0x1140]: 0x4000007F
Flip Status [DRIVER_INFO @ 0x1140]: 0x400000FF
Flip Status [DRIVER_INFO @ 0x1140]: 0x400001FF
Flip Status [DRIVER_INFO @ 0x1140]: 0x400003FF
Flip Status [DRIVER_INFO @ 0x1140]: 0x400007FF
Flip Status [DRIVER_INFO @ 0x1140]: 0x40000FFF
Flip Status [DRIVER_INFO @ 0x1140]: 0x40001FFF
Flip Status [DRIVER_INFO @ 0x1140]: 0x40003FFF
Flip Status [DRIVER_INFO @ 0x1140]: 0x40007FFF
Flip Status [DRIVER_INFO @ 0x1140]: 0x4000FFFF
Flip Status [DRIVER_INFO @ 0x1140]: 0x4001FFFF
Flip Status [DRIVER_INFO @ 0x1140]: 0x4003FFFF
Flip Status [DRIVER_INFO @ 0x1140]: 0x4007FFFF
Flip Status [DRIVER_INFO @ 0x1140]: 0x400FFFFF
Flip Status [DRIVER_INFO @ 0x1140]: 0x401FFFFF
Flip Status [DRIVER_INFO @ 0x1140]: 0x403FFFFF
Flip Status [DRIVER_INFO @ 0x1140]: 0x407FFFFF
Flip Status [DRIVER_INFO @ 0x1140]: 0x40FFFFFF
Flip Status [DRIVER_INFO @ 0x1140]: 0x41FFFFFF
Flip Status [DRIVER_INFO @ 0x1140]: 0x43FFFFFF
Flip Status [DRIVER_INFO @ 0x1140]: 0x47FFFFFF
Flip Status [DRIVER_INFO @ 0x1140]: 0x4FFFFFFF
Flip Status [DRIVER_INFO @ 0x1140]: 0x5FFFFFFF
Flip Status [DRIVER_INFO @ 0x1140]: 0x7FFFFFFF
Flip Status [DRIVER_INFO @ 0x1140]: 0x7FFFFFFF
Flip Status [DRIVER_INFO @ 0x1140]: 0xFFFFFFFF
Flip Status [DRIVER_INFO @ 0x113C]: 0x00000000
Flip Status [DRIVER_INFO @ 0x1140]: 0x40000000
Flip Status [DRIVER_INFO @ 0x1144]: 0x00000000
SCE_DRIVER_QUEUE [0xE94C]:
Flip Status [DRIVER_INFO @ 0x1180]: 0x40000001
Flip Status [DRIVER_INFO @ 0x1180]: 0x40000002
Flip Status [DRIVER_INFO @ 0x1180]: 0x40000004
Flip Status [DRIVER_INFO @ 0x1180]: 0x40000008
Flip Status [DRIVER_INFO @ 0x1180]: 0x40000010
Flip Status [DRIVER_INFO @ 0x1180]: 0x40000020
Flip Status [DRIVER_INFO @ 0x1180]: 0x40000040
Flip Status [DRIVER_INFO @ 0x1180]: 0x40000080
Flip Status [DRIVER_INFO @ 0x1180]: 0x40000100
Flip Status [DRIVER_INFO @ 0x1180]: 0x40000200
Flip Status [DRIVER_INFO @ 0x1180]: 0x40000400
Flip Status [DRIVER_INFO @ 0x1180]: 0x40000800
Flip Status [DRIVER_INFO @ 0x1180]: 0x40001000
Flip Status [DRIVER_INFO @ 0x1180]: 0x40002000
Flip Status [DRIVER_INFO @ 0x1180]: 0x40004000
Flip Status [DRIVER_INFO @ 0x1180]: 0x40008000
Flip Status [DRIVER_INFO @ 0x1180]: 0x40010000
Flip Status [DRIVER_INFO @ 0x1180]: 0x40020000
Flip Status [DRIVER_INFO @ 0x1180]: 0x40040000
Flip Status [DRIVER_INFO @ 0x1180]: 0x40080000
Flip Status [DRIVER_INFO @ 0x1180]: 0x40100000
Flip Status [DRIVER_INFO @ 0x1180]: 0x40200000
Flip Status [DRIVER_INFO @ 0x1180]: 0x40400000
Flip Status [DRIVER_INFO @ 0x1180]: 0x40800000
Flip Status [DRIVER_INFO @ 0x1180]: 0x41000000
Flip Status [DRIVER_INFO @ 0x1180]: 0x42000000
Flip Status [DRIVER_INFO @ 0x1180]: 0x44000000
Flip Status [DRIVER_INFO @ 0x1180]: 0x48000000
Flip Status [DRIVER_INFO @ 0x1180]: 0x50000000
Flip Status [DRIVER_INFO @ 0x1180]: 0x60000000
Flip Status [DRIVER_INFO @ 0x1180]: 0x40000000
Flip Status [DRIVER_INFO @ 0x1180]: 0xC0000000
Flip Status [DRIVER_INFO @ 0x1180]: 0x40000001
Flip Status [DRIVER_INFO @ 0x1180]: 0x40000003
Flip Status [DRIVER_INFO @ 0x1180]: 0x40000007
Flip Status [DRIVER_INFO @ 0x1180]: 0x4000000F
Flip Status [DRIVER_INFO @ 0x1180]: 0x4000001F
Flip Status [DRIVER_INFO @ 0x1180]: 0x4000003F
Flip Status [DRIVER_INFO @ 0x1180]: 0x4000007F
Flip Status [DRIVER_INFO @ 0x1180]: 0x400000FF
Flip Status [DRIVER_INFO @ 0x1180]: 0x400001FF
Flip Status [DRIVER_INFO @ 0x1180]: 0x400003FF
Flip Status [DRIVER_INFO @ 0x1180]: 0x400007FF
Flip Status [DRIVER_INFO @ 0x1180]: 0x40000FFF
Flip Status [DRIVER_INFO @ 0x1180]: 0x40001FFF
Flip Status [DRIVER_INFO @ 0x1180]: 0x40003FFF
Flip Status [DRIVER_INFO @ 0x1180]: 0x40007FFF
Flip Status [DRIVER_INFO @ 0x1180]: 0x4000FFFF
Flip Status [DRIVER_INFO @ 0x1180]: 0x4001FFFF
Flip Status [DRIVER_INFO @ 0x1180]: 0x4003FFFF
Flip Status [DRIVER_INFO @ 0x1180]: 0x4007FFFF
Flip Status [DRIVER_INFO @ 0x1180]: 0x400FFFFF
Flip Status [DRIVER_INFO @ 0x1180]: 0x401FFFFF
Flip Status [DRIVER_INFO @ 0x1180]: 0x403FFFFF
Flip Status [DRIVER_INFO @ 0x1180]: 0x407FFFFF
Flip Status [DRIVER_INFO @ 0x1180]: 0x40FFFFFF
Flip Status [DRIVER_INFO @ 0x1180]: 0x41FFFFFF
Flip Status [DRIVER_INFO @ 0x1180]: 0x43FFFFFF
Flip Status [DRIVER_INFO @ 0x1180]: 0x47FFFFFF
Flip Status [DRIVER_INFO @ 0x1180]: 0x4FFFFFFF
Flip Status [DRIVER_INFO @ 0x1180]: 0x5FFFFFFF
Flip Status [DRIVER_INFO @ 0x1180]: 0x7FFFFFFF
Flip Status [DRIVER_INFO @ 0x1180]: 0x7FFFFFFF
Flip Status [DRIVER_INFO @ 0x1180]: 0xFFFFFFFF
Flip Status [DRIVER_INFO @ 0x117C]: 0x00000000
Flip Status [DRIVER_INFO @ 0x1180]: 0x40000000
Flip Status [DRIVER_INFO @ 0x1184]: 0x00000000
SCE_DRIVER_QUEUE [0xE950]:
Flip Status [DRIVER_INFO @ 0x11C0]: 0x40000001
Flip Status [DRIVER_INFO @ 0x11C0]: 0x40000002
Flip Status [DRIVER_INFO @ 0x11C0]: 0x40000004
Flip Status [DRIVER_INFO @ 0x11C0]: 0x40000008
Flip Status [DRIVER_INFO @ 0x11C0]: 0x40000010
Flip Status [DRIVER_INFO @ 0x11C0]: 0x40000020
Flip Status [DRIVER_INFO @ 0x11C0]: 0x40000040
Flip Status [DRIVER_INFO @ 0x11C0]: 0x40000080
Flip Status [DRIVER_INFO @ 0x11C0]: 0x40000100
Flip Status [DRIVER_INFO @ 0x11C0]: 0x40000200
Flip Status [DRIVER_INFO @ 0x11C0]: 0x40000400
Flip Status [DRIVER_INFO @ 0x11C0]: 0x40000800
Flip Status [DRIVER_INFO @ 0x11C0]: 0x40001000
Flip Status [DRIVER_INFO @ 0x11C0]: 0x40002000
Flip Status [DRIVER_INFO @ 0x11C0]: 0x40004000
Flip Status [DRIVER_INFO @ 0x11C0]: 0x40008000
Flip Status [DRIVER_INFO @ 0x11C0]: 0x40010000
Flip Status [DRIVER_INFO @ 0x11C0]: 0x40020000
Flip Status [DRIVER_INFO @ 0x11C0]: 0x40040000
Flip Status [DRIVER_INFO @ 0x11C0]: 0x40080000
Flip Status [DRIVER_INFO @ 0x11C0]: 0x40100000
Flip Status [DRIVER_INFO @ 0x11C0]: 0x40200000
Flip Status [DRIVER_INFO @ 0x11C0]: 0x40400000
Flip Status [DRIVER_INFO @ 0x11C0]: 0x40800000
Flip Status [DRIVER_INFO @ 0x11C0]: 0x41000000
Flip Status [DRIVER_INFO @ 0x11C0]: 0x42000000
Flip Status [DRIVER_INFO @ 0x11C0]: 0x44000000
Flip Status [DRIVER_INFO @ 0x11C0]: 0x48000000
Flip Status [DRIVER_INFO @ 0x11C0]: 0x50000000
Flip Status [DRIVER_INFO @ 0x11C0]: 0x60000000
Flip Status [DRIVER_INFO @ 0x11C0]: 0x40000000
Flip Status [DRIVER_INFO @ 0x11C0]: 0xC0000000
Flip Status [DRIVER_INFO @ 0x11C0]: 0x40000001
Flip Status [DRIVER_INFO @ 0x11C0]: 0x40000003
Flip Status [DRIVER_INFO @ 0x11C0]: 0x40000007
Flip Status [DRIVER_INFO @ 0x11C0]: 0x4000000F
Flip Status [DRIVER_INFO @ 0x11C0]: 0x4000001F
Flip Status [DRIVER_INFO @ 0x11C0]: 0x4000003F
Flip Status [DRIVER_INFO @ 0x11C0]: 0x4000007F
Flip Status [DRIVER_INFO @ 0x11C0]: 0x400000FF
Flip Status [DRIVER_INFO @ 0x11C0]: 0x400001FF
Flip Status [DRIVER_INFO @ 0x11C0]: 0x400003FF
Flip Status [DRIVER_INFO @ 0x11C0]: 0x400007FF
Flip Status [DRIVER_INFO @ 0x11C0]: 0x40000FFF
Flip Status [DRIVER_INFO @ 0x11C0]: 0x40001FFF
Flip Status [DRIVER_INFO @ 0x11C0]: 0x40003FFF
Flip Status [DRIVER_INFO @ 0x11C0]: 0x40007FFF
Flip Status [DRIVER_INFO @ 0x11C0]: 0x4000FFFF
Flip Status [DRIVER_INFO @ 0x11C0]: 0x4001FFFF
Flip Status [DRIVER_INFO @ 0x11C0]: 0x4003FFFF
Flip Status [DRIVER_INFO @ 0x11C0]: 0x4007FFFF
Flip Status [DRIVER_INFO @ 0x11C0]: 0x400FFFFF
Flip Status [DRIVER_INFO @ 0x11C0]: 0x401FFFFF
Flip Status [DRIVER_INFO @ 0x11C0]: 0x403FFFFF
Flip Status [DRIVER_INFO @ 0x11C0]: 0x407FFFFF
Flip Status [DRIVER_INFO @ 0x11C0]: 0x40FFFFFF
Flip Status [DRIVER_INFO @ 0x11C0]: 0x41FFFFFF
Flip Status [DRIVER_INFO @ 0x11C0]: 0x43FFFFFF
Flip Status [DRIVER_INFO @ 0x11C0]: 0x47FFFFFF
Flip Status [DRIVER_INFO @ 0x11C0]: 0x4FFFFFFF
Flip Status [DRIVER_INFO @ 0x11C0]: 0x5FFFFFFF
Flip Status [DRIVER_INFO @ 0x11C0]: 0x7FFFFFFF
Flip Status [DRIVER_INFO @ 0x11C0]: 0x7FFFFFFF
Flip Status [DRIVER_INFO @ 0x11C0]: 0xFFFFFFFF
Flip Status [DRIVER_INFO @ 0x11BC]: 0x00000000
Flip Status [DRIVER_INFO @ 0x11C0]: 0x40000000
Flip Status [DRIVER_INFO @ 0x11C4]: 0x00000000
SCE_DRIVER_QUEUE [0xE954]:
Flip Status [DRIVER_INFO @ 0x1200]: 0x40000001
Flip Status [DRIVER_INFO @ 0x1200]: 0x40000002
Flip Status [DRIVER_INFO @ 0x1200]: 0x40000004
Flip Status [DRIVER_INFO @ 0x1200]: 0x40000008
Flip Status [DRIVER_INFO @ 0x1200]: 0x40000010
Flip Status [DRIVER_INFO @ 0x1200]: 0x40000020
Flip Status [DRIVER_INFO @ 0x1200]: 0x40000040
Flip Status [DRIVER_INFO @ 0x1200]: 0x40000080
Flip Status [DRIVER_INFO @ 0x1200]: 0x40000100
Flip Status [DRIVER_INFO @ 0x1200]: 0x40000200
Flip Status [DRIVER_INFO @ 0x1200]: 0x40000400
Flip Status [DRIVER_INFO @ 0x1200]: 0x40000800
Flip Status [DRIVER_INFO @ 0x1200]: 0x40001000
Flip Status [DRIVER_INFO @ 0x1200]: 0x40002000
Flip Status [DRIVER_INFO @ 0x1200]: 0x40004000
Flip Status [DRIVER_INFO @ 0x1200]: 0x40008000
Flip Status [DRIVER_INFO @ 0x1200]: 0x40010000
Flip Status [DRIVER_INFO @ 0x1200]: 0x40020000
Flip Status [DRIVER_INFO @ 0x1200]: 0x40040000
Flip Status [DRIVER_INFO @ 0x1200]: 0x40080000
Flip Status [DRIVER_INFO @ 0x1200]: 0x40100000
Flip Status [DRIVER_INFO @ 0x1200]: 0x40200000
Flip Status [DRIVER_INFO @ 0x1200]: 0x40400000
Flip Status [DRIVER_INFO @ 0x1200]: 0x40800000
Flip Status [DRIVER_INFO @ 0x1200]: 0x41000000
Flip Status [DRIVER_INFO @ 0x1200]: 0x42000000
Flip Status [DRIVER_INFO @ 0x1200]: 0x44000000
Flip Status [DRIVER_INFO @ 0x1200]: 0x48000000
Flip Status [DRIVER_INFO @ 0x1200]: 0x50000000
Flip Status [DRIVER_INFO @ 0x1200]: 0x60000000
Flip Status [DRIVER_INFO @ 0x1200]: 0x40000000
Flip Status [DRIVER_INFO @ 0x1200]: 0xC0000000
Flip Status [DRIVER_INFO @ 0x1200]: 0x40000001
Flip Status [DRIVER_INFO @ 0x1200]: 0x40000003
Flip Status [DRIVER_INFO @ 0x1200]: 0x40000007
Flip Status [DRIVER_INFO @ 0x1200]: 0x4000000F
Flip Status [DRIVER_INFO @ 0x1200]: 0x4000001F
Flip Status [DRIVER_INFO @ 0x1200]: 0x4000003F
Flip Status [DRIVER_INFO @ 0x1200]: 0x4000007F
Flip Status [DRIVER_INFO @ 0x1200]: 0x400000FF
Flip Status [DRIVER_INFO @ 0x1200]: 0x400001FF
Flip Status [DRIVER_INFO @ 0x1200]: 0x400003FF
Flip Status [DRIVER_INFO @ 0x1200]: 0x400007FF
Flip Status [DRIVER_INFO @ 0x1200]: 0x40000FFF
Flip Status [DRIVER_INFO @ 0x1200]: 0x40001FFF
Flip Status [DRIVER_INFO @ 0x1200]: 0x40003FFF
Flip Status [DRIVER_INFO @ 0x1200]: 0x40007FFF
Flip Status [DRIVER_INFO @ 0x1200]: 0x4000FFFF
Flip Status [DRIVER_INFO @ 0x1200]: 0x4001FFFF
Flip Status [DRIVER_INFO @ 0x1200]: 0x4003FFFF
Flip Status [DRIVER_INFO @ 0x1200]: 0x4007FFFF
Flip Status [DRIVER_INFO @ 0x1200]: 0x400FFFFF
Flip Status [DRIVER_INFO @ 0x1200]: 0x401FFFFF
Flip Status [DRIVER_INFO @ 0x1200]: 0x403FFFFF
Flip Status [DRIVER_INFO @ 0x1200]: 0x407FFFFF
Flip Status [DRIVER_INFO @ 0x1200]: 0x40FFFFFF
Flip Status [DRIVER_INFO @ 0x1200]: 0x41FFFFFF
Flip Status [DRIVER_INFO @ 0x1200]: 0x43FFFFFF
Flip Status [DRIVER_INFO @ 0x1200]: 0x47FFFFFF
Flip Status [DRIVER_INFO @ 0x1200]: 0x4FFFFFFF
Flip Status [DRIVER_INFO @ 0x1200]: 0x5FFFFFFF
Flip Status [DRIVER_INFO @ 0x1200]: 0x7FFFFFFF
Flip Status [DRIVER_INFO @ 0x1200]: 0x7FFFFFFF
Flip Status [DRIVER_INFO @ 0x1200]: 0xFFFFFFFF
Flip Status [DRIVER_INFO @ 0x11FC]: 0x00000000
Flip Status [DRIVER_INFO @ 0x1200]: 0x40000000
Flip Status [DRIVER_INFO @ 0x1204]: 0x00000000
SCE_DRIVER_QUEUE [0xE958]:
Flip Status [DRIVER_INFO @ 0x1240]: 0x40000001
Flip Status [DRIVER_INFO @ 0x1240]: 0x40000002
Flip Status [DRIVER_INFO @ 0x1240]: 0x40000004
Flip Status [DRIVER_INFO @ 0x1240]: 0x40000008
Flip Status [DRIVER_INFO @ 0x1240]: 0x40000010
Flip Status [DRIVER_INFO @ 0x1240]: 0x40000020
Flip Status [DRIVER_INFO @ 0x1240]: 0x40000040
Flip Status [DRIVER_INFO @ 0x1240]: 0x40000080
Flip Status [DRIVER_INFO @ 0x1240]: 0x40000100
Flip Status [DRIVER_INFO @ 0x1240]: 0x40000200
Flip Status [DRIVER_INFO @ 0x1240]: 0x40000400
Flip Status [DRIVER_INFO @ 0x1240]: 0x40000800
Flip Status [DRIVER_INFO @ 0x1240]: 0x40001000
Flip Status [DRIVER_INFO @ 0x1240]: 0x40002000
Flip Status [DRIVER_INFO @ 0x1240]: 0x40004000
Flip Status [DRIVER_INFO @ 0x1240]: 0x40008000
Flip Status [DRIVER_INFO @ 0x1240]: 0x40010000
Flip Status [DRIVER_INFO @ 0x1240]: 0x40020000
Flip Status [DRIVER_INFO @ 0x1240]: 0x40040000
Flip Status [DRIVER_INFO @ 0x1240]: 0x40080000
Flip Status [DRIVER_INFO @ 0x1240]: 0x40100000
Flip Status [DRIVER_INFO @ 0x1240]: 0x40200000
Flip Status [DRIVER_INFO @ 0x1240]: 0x40400000
Flip Status [DRIVER_INFO @ 0x1240]: 0x40800000
Flip Status [DRIVER_INFO @ 0x1240]: 0x41000000
Flip Status [DRIVER_INFO @ 0x1240]: 0x42000000
Flip Status [DRIVER_INFO @ 0x1240]: 0x44000000
Flip Status [DRIVER_INFO @ 0x1240]: 0x48000000
Flip Status [DRIVER_INFO @ 0x1240]: 0x50000000
Flip Status [DRIVER_INFO @ 0x1240]: 0x60000000
Flip Status [DRIVER_INFO @ 0x1240]: 0x40000000
Flip Status [DRIVER_INFO @ 0x1240]: 0xC0000000
Flip Status [DRIVER_INFO @ 0x1240]: 0x40000001
Flip Status [DRIVER_INFO @ 0x1240]: 0x40000003
Flip Status [DRIVER_INFO @ 0x1240]: 0x40000007
Flip Status [DRIVER_INFO @ 0x1240]: 0x4000000F
Flip Status [DRIVER_INFO @ 0x1240]: 0x4000001F
Flip Status [DRIVER_INFO @ 0x1240]: 0x4000003F
Flip Status [DRIVER_INFO @ 0x1240]: 0x4000007F
Flip Status [DRIVER_INFO @ 0x1240]: 0x400000FF
Flip Status [DRIVER_INFO @ 0x1240]: 0x400001FF
Flip Status [DRIVER_INFO @ 0x1240]: 0x400003FF
Flip Status [DRIVER_INFO @ 0x1240]: 0x400007FF
Flip Status [DRIVER_INFO @ 0x1240]: 0x40000FFF
Flip Status [DRIVER_INFO @ 0x1240]: 0x40001FFF
Flip Status [DRIVER_INFO @ 0x1240]: 0x40003FFF
Flip Status [DRIVER_INFO @ 0x1240]: 0x40007FFF
Flip Status [DRIVER_INFO @ 0x1240]: 0x4000FFFF
Flip Status [DRIVER_INFO @ 0x1240]: 0x4001FFFF
Flip Status [DRIVER_INFO @ 0x1240]: 0x4003FFFF
Flip Status [DRIVER_INFO @ 0x1240]: 0x4007FFFF
Flip Status [DRIVER_INFO @ 0x1240]: 0x400FFFFF
Flip Status [DRIVER_INFO @ 0x1240]: 0x401FFFFF
Flip Status [DRIVER_INFO @ 0x1240]: 0x403FFFFF
Flip Status [DRIVER_INFO @ 0x1240]: 0x407FFFFF
Flip Status [DRIVER_INFO @ 0x1240]: 0x40FFFFFF
Flip Status [DRIVER_INFO @ 0x1240]: 0x41FFFFFF
Flip Status [DRIVER_INFO @ 0x1240]: 0x43FFFFFF
Flip Status [DRIVER_INFO @ 0x1240]: 0x47FFFFFF
Flip Status [DRIVER_INFO @ 0x1240]: 0x4FFFFFFF
Flip Status [DRIVER_INFO @ 0x1240]: 0x5FFFFFFF
Flip Status [DRIVER_INFO @ 0x1240]: 0x7FFFFFFF
Flip Status [DRIVER_INFO @ 0x1240]: 0x7FFFFFFF
Flip Status [DRIVER_INFO @ 0x1240]: 0xFFFFFFFF
Flip Status [DRIVER_INFO @ 0x123C]: 0x00000000
Flip Status [DRIVER_INFO @ 0x1240]: 0x40000000
Flip Status [DRIVER_INFO @ 0x1244]: 0x00000000
SCE_DRIVER_QUEUE [0xE95C]:
Flip Status [DRIVER_INFO @ 0x1280]: 0x40000001
Flip Status [DRIVER_INFO @ 0x1280]: 0x40000002
Flip Status [DRIVER_INFO @ 0x1280]: 0x40000004
Flip Status [DRIVER_INFO @ 0x1280]: 0x40000008
Flip Status [DRIVER_INFO @ 0x1280]: 0x40000010
Flip Status [DRIVER_INFO @ 0x1280]: 0x40000020
Flip Status [DRIVER_INFO @ 0x1280]: 0x40000040
Flip Status [DRIVER_INFO @ 0x1280]: 0x40000080
Flip Status [DRIVER_INFO @ 0x1280]: 0x40000100
Flip Status [DRIVER_INFO @ 0x1280]: 0x40000200
Flip Status [DRIVER_INFO @ 0x1280]: 0x40000400
Flip Status [DRIVER_INFO @ 0x1280]: 0x40000800
Flip Status [DRIVER_INFO @ 0x1280]: 0x40001000
Flip Status [DRIVER_INFO @ 0x1280]: 0x40002000
Flip Status [DRIVER_INFO @ 0x1280]: 0x40004000
Flip Status [DRIVER_INFO @ 0x1280]: 0x40008000
Flip Status [DRIVER_INFO @ 0x1280]: 0x40010000
Flip Status [DRIVER_INFO @ 0x1280]: 0x40020000
Flip Status [DRIVER_INFO @ 0x1280]: 0x40040000
Flip Status [DRIVER_INFO @ 0x1280]: 0x40080000
Flip Status [DRIVER_INFO @ 0x1280]: 0x40100000
Flip Status [DRIVER_INFO @ 0x1280]: 0x40200000
Flip Status [DRIVER_INFO @ 0x1280]: 0x40400000
Flip Status [DRIVER_INFO @ 0x1280]: 0x40800000
Flip Status [DRIVER_INFO @ 0x1280]: 0x41000000
Flip Status [DRIVER_INFO @ 0x1280]: 0x42000000
Flip Status [DRIVER_INFO @ 0x1280]: 0x44000000
Flip Status [DRIVER_INFO @ 0x1280]: 0x48000000
Flip Status [DRIVER_INFO @ 0x1280]: 0x50000000
Flip Status [DRIVER_INFO @ 0x1280]: 0x60000000
Flip Status [DRIVER_INFO @ 0x1280]: 0x40000000
Flip Status [DRIVER_INFO @ 0x1280]: 0xC0000000
Flip Status [DRIVER_INFO @ 0x1280]: 0x40000001
Flip Status [DRIVER_INFO @ 0x1280]: 0x40000003
Flip Status [DRIVER_INFO @ 0x1280]: 0x40000007
Flip Status [DRIVER_INFO @ 0x1280]: 0x4000000F
Flip Status [DRIVER_INFO @ 0x1280]: 0x4000001F
Flip Status [DRIVER_INFO @ 0x1280]: 0x4000003F
Flip Status [DRIVER_INFO @ 0x1280]: 0x4000007F
Flip Status [DRIVER_INFO @ 0x1280]: 0x400000FF
Flip Status [DRIVER_INFO @ 0x1280]: 0x400001FF
Flip Status [DRIVER_INFO @ 0x1280]: 0x400003FF
Flip Status [DRIVER_INFO @ 0x1280]: 0x400007FF
Flip Status [DRIVER_INFO @ 0x1280]: 0x40000FFF
Flip Status [DRIVER_INFO @ 0x1280]: 0x40001FFF
Flip Status [DRIVER_INFO @ 0x1280]: 0x40003FFF
Flip Status [DRIVER_INFO @ 0x1280]: 0x40007FFF
Flip Status [DRIVER_INFO @ 0x1280]: 0x4000FFFF
Flip Status [DRIVER_INFO @ 0x1280]: 0x4001FFFF
Flip Status [DRIVER_INFO @ 0x1280]: 0x4003FFFF
Flip Status [DRIVER_INFO @ 0x1280]: 0x4007FFFF
Flip Status [DRIVER_INFO @ 0x1280]: 0x400FFFFF
Flip Status [DRIVER_INFO @ 0x1280]: 0x401FFFFF
Flip Status [DRIVER_INFO @ 0x1280]: 0x403FFFFF
Flip Status [DRIVER_INFO @ 0x1280]: 0x407FFFFF
Flip Status [DRIVER_INFO @ 0x1280]: 0x40FFFFFF
Flip Status [DRIVER_INFO @ 0x1280]: 0x41FFFFFF
Flip Status [DRIVER_INFO @ 0x1280]: 0x43FFFFFF
Flip Status [DRIVER_INFO @ 0x1280]: 0x47FFFFFF
Flip Status [DRIVER_INFO @ 0x1280]: 0x4FFFFFFF
Flip Status [DRIVER_INFO @ 0x1280]: 0x5FFFFFFF
Flip Status [DRIVER_INFO @ 0x1280]: 0x7FFFFFFF
Flip Status [DRIVER_INFO @ 0x1280]: 0x7FFFFFFF
Flip Status [DRIVER_INFO @ 0x1280]: 0xFFFFFFFF
Flip Status [DRIVER_INFO @ 0x127C]: 0x00000000
Flip Status [DRIVER_INFO @ 0x1280]: 0x40000000
Flip Status [DRIVER_INFO @ 0x1284]: 0x00000000
