stfs    0,  0(11) -> 3C0091A2 00000000 00000000
stfs    0,  8(11) -> 00000000 00000000 3C0091A2
stfs    0, -4(11) -> 00000000 3C0091A2 00000000
stfsu   0,  0(11) -> 3C0091A2 00000000 00000000 [0000000000000000]
stfsu   0,  8(11) -> 00000000 00000000 3C0091A2 [0000000000000008]
stfsu   0, -4(11) -> 00000000 3C0091A2 00000000 [FFFFFFFFFFFFFFFC]
stfsx   0, 11, 12 -> 3C0091A2 00000000 00000000
stfsx   0, 11, 12 -> 00000000 00000000 3C0091A2
stfsx   0, 11, 12 -> 00000000 3C0091A2 00000000
stfsx   0, 11, 12 -> 3C0091A2 00000000 00000000
stfsux  0, 11, 12 -> 3C0091A2 00000000 00000000 [0000000000000000]
stfsux  0, 11, 12 -> 00000000 00000000 3C0091A2 [0000000000000000]
stfsux  0, 11, 12 -> 00000000 3C0091A2 00000000 [0000000000000000]
stfsux  0, 11, 12 -> 3C0091A2 00000000 00000000 [0000000000000000]
stfd    0,  0(11) -> 3F801234 56789ABC 00000000
stfd    0,  4(11) -> 00000000 3F801234 56789ABC
stfd    0, -4(11) -> 3F801234 56789ABC 00000000
stfdu   0,  0(11) -> 3F801234 56789ABC 00000000 [0000000000000000]
stfdu   0,  4(11) -> 00000000 3F801234 56789ABC [0000000000000004]
stfdu   0, -4(11) -> 3F801234 56789ABC 00000000 [FFFFFFFFFFFFFFFC]
stfdx   0, 11, 12 -> 3F801234 56789ABC 00000000
stfdx   0, 11, 12 -> 00000000 3F801234 56789ABC
stfdx   0, 11, 12 -> 00000000 3F801234 56789ABC
stfdx   0, 11, 12 -> 3F801234 56789ABC 00000000
stfdux  0, 11, 12 -> 3F801234 56789ABC 00000000 [0000000000000000]
stfdux  0, 11, 12 -> 00000000 3F801234 56789ABC [0000000000000000]
stfdux  0, 11, 12 -> 00000000 3F801234 56789ABC [0000000000000000]
stfdux  0, 11, 12 -> 3F801234 56789ABC 00000000 [0000000000000000]
stfiwx  0, 11, 12 -> 56789ABC 00000000 00000000
stfiwx  0, 11, 12 -> 00000000 56789ABC 00000000
stfiwx  0, 11, 12 -> 00000000 56789ABC 00000000
stfiwx  0, 11, 12 -> 56789ABC 00000000 00000000
